Enter value for register 1: Enter value for register 2: Running MIPS program.
3
-4
MIPS program completed normally.
$01 = 0x00000004   $02 = 0x00000001   $03 = 0x00000004   $04 = 0x00000004   
$05 = 0x00000008   $06 = 0x00000000   $07 = 0x00000000   $08 = 0x00000008   
$09 = 0x00000000   $10 = 0x00000000   $11 = 0x00000001   $12 = 0x00000000   
$13 = 0x00000000   $14 = 0x00000000   $15 = 0x00000000   $16 = 0x00000000   
$17 = 0x00000000   $18 = 0x00000000   $19 = 0x00000000   $20 = 0x00000000   
$21 = 0x00000000   $22 = 0x00000000   $23 = 0x00000000   $24 = 0x00000000   
$25 = 0x00000000   $26 = 0x00000340   $27 = 0x00000518   $28 = 0x000001a8   
$29 = 0x01000000   $30 = 0x01000000   $31 = 0x8123456c   
